I'm sorry, but errors were detected in your script. Please correct the
errors listed below, and try again.


File "game/script.rpy", line 121: end of line expected.
    show haiji at center with moveinbottom with hpunch
                                           ^

Ren'Py Version: Ren'Py 7.2.2.491
Wed Jun 19 17:03:48 2019
